
> daonview@0.1.0 dev
> next dev

   ▲ Next.js 16.0.8 (Turbopack)
   - Local:         http://localhost:3000
   - Network:       http://192.168.0.2:3000

 ✓ Starting...
Attention: Next.js now collects completely anonymous telemetry regarding usage.
This information is used to shape Next.js' roadmap and prioritize features.
You can learn more, including how to opt-out if you'd not like to participate in this anonymous program, by visiting the following URL:
https://nextjs.org/telemetry

 ✓ Ready in 1104ms
 ○ Compiling / ...
 ⨯ Error: supabaseUrl is required.
    at module evaluation (src/lib/supabaseClient.ts:7:37)
    at module evaluation (src/app/page.tsx:6:1)
    at module evaluation (.next/dev/server/chunks/ssr/[root-of-the-server]__00688740._.js:1056:47)
   5 |
   6 | // Client-side Supabase (기존)
>  7 | export const supabase = createClient(supabaseUrl, supabaseAnonKey, {
     |                                     ^
   8 |   auth: {
   9 |     persistSession: true,
  10 |     autoRefreshToken: true,
 ⨯ Error: supabaseUrl is required.
    at module evaluation (src/lib/supabaseClient.ts:7:37)
    at module evaluation (src/app/page.tsx:6:1)
    at module evaluation (.next/dev/server/chunks/ssr/[root-of-the-server]__00688740._.js:1056:47)
   5 |
   6 | // Client-side Supabase (기존)
>  7 | export const supabase = createClient(supabaseUrl, supabaseAnonKey, {
     |                                     ^
   8 |   auth: {
   9 |     persistSession: true,
  10 |     autoRefreshToken: true, {
  page: '/'
}
 GET / 500 in 11.9s (compile: 11.7s, render: 268ms)
